[13:06:35.013] [INFO] storybook v10.3.3
[13:06:35.248] [ERROR] [38;2;241;97;97mSB_CORE-SERVER_0007 (MainFileEvaluationError): Storybook couldn't evaluate your [33m.storybook\main.ts[39m file.

Original error:
[37mTypeError [ERR_UNKNOWN_FILE_EXTENSION]: Unknown file extension ".css" for css\src\styles\index.css
    at Object.getFileProtocolModuleFormat [as file:] (node:internal/modules/esm/get_format:219:9)
    at defaultGetFormat (node:internal/modules/esm/get_format:245:36)
    at defaultLoad (node:internal/modules/esm/load:120:22)
    at async nextLoad (node:internal/modules/esm/hooks:748:22)
    at async nextLoad (node:internal/modules/esm/hooks:748:22)
    at async Hooks.load (node:internal/modules/esm/hooks:385:20)
    at async handleMessage (node:internal/modules/esm/worker:199:18)[39m[39m
    at loadMainConfig (file:///D:/stack/node_modules/.pnpm/storybook@10.3.3_@testing-l_6e744376162248f8f924c11592d0cc63/node_modules/storybook/dist/_node-chunks/chunk-NQBOIYE4.js:11709:11)
    at async buildDevStandalone (file:///D:/stack/node_modules/.pnpm/storybook@10.3.3_@testing-l_6e744376162248f8f924c11592d0cc63/node_modules/storybook/dist/core-server/index.js:7950:16)
    at async withTelemetry (file:///D:/stack/node_modules/.pnpm/storybook@10.3.3_@testing-l_6e744376162248f8f924c11592d0cc63/node_modules/storybook/dist/_node-chunks/chunk-6PADJQ3N.js:218:12)
    at async dev (file:///D:/stack/node_modules/.pnpm/storybook@10.3.3_@testing-l_6e744376162248f8f924c11592d0cc63/node_modules/storybook/dist/bin/core.js:2736:3)
    at async _Command.<anonymous> (file:///D:/stack/node_modules/.pnpm/storybook@10.3.3_@testing-l_6e744376162248f8f924c11592d0cc63/node_modules/storybook/dist/bin/core.js:2806:92)
[13:06:35.265] [WARN] Broken build, fix the error above.
You may need to refresh the browser.
[13:06:35.323] [WARN]   Failed to load preset: "D:/stack/packages/nui/.storybook/main.ts"
[13:06:35.324] [ERROR] TypeError [ERR_UNKNOWN_FILE_EXTENSION]: Unknown file extension ".css" for .css\src\styles\index.css
    at Object.getFileProtocolModuleFormat [as file:] (node:internal/modules/esm/get_format:219:9)
    at defaultGetFormat (node:internal/modules/esm/get_format:245:36)
    at defaultLoad (node:internal/modules/esm/load:120:22)
    at async nextLoad (node:internal/modules/esm/hooks:748:22)
    at async nextLoad (node:internal/modules/esm/hooks:748:22)
    at async Hooks.load (node:internal/modules/esm/hooks:385:20)
    at async handleMessage (node:internal/modules/esm/worker:199:18)